sections
1c80 - 3043 : DATA, code
2efe - 30ab : DATA, data
30ab - 3200 : BSS, bss
3200 - b000 : HEAP, heap
b000 - bf52 : STACK, stack
00f7 - 00f7 : ZEROPAGE, zeropage
1c01 - 1c5e : DATA, startup
bff6 - c000 : SSTACK, sstack
bff6 - bff6 : SSTACK, fillSectorsInfo@stack
bff6 - bff6 : SSTACK, putpch@stack
bff6 - bff6 : SSTACK, putchar@stack
bff6 - bff6 : SSTACK, setColorInfo@stack
bff6 - bff6 : SSTACK, setDarkTheme@stack
bff6 - bff6 : SSTACK, putsxy@stack
bff6 - bff6 : SSTACK, keyb_poll@stack
bff6 - bff6 : SSTACK, drawBox@stack
bff6 - bff6 : SSTACK, set_sstr@stack
bff6 - bff6 : SSTACK, itoa@stack
bff6 - bff6 : SSTACK, append_sstr@stack
bfea - bff6 : SSTACK, append_sstr_num@stack
bff6 - bff6 : SSTACK, get_sstr@stack
bff6 - bff6 : SSTACK, convch@stack
bff6 - bff6 : SSTACK, getch@stack
bff6 - bff6 : SSTACK, resetCPU@stack
bff6 - bff6 : SSTACK, krnio_setnam@stack
bff6 - bff6 : SSTACK, krnio_open@stack
bff6 - bff6 : SSTACK, krnio_chkout@stack
bff6 - bff6 : SSTACK, krnio_chrout@stack
bff6 - bff6 : SSTACK, krnio_clrchn@stack
bff6 - bff6 : SSTACK, krnio_puts@stack
bff6 - bff6 : SSTACK, krnio_close@stack
bff6 - bff6 : SSTACK, krnio_chkin@stack
bff6 - bff6 : SSTACK, krnio_chrin@stack
bff6 - bff6 : SSTACK, krnio_status@stack
bff6 - bff6 : SSTACK, krnio_read@stack
bff6 - bff6 : SSTACK, atoi@stack
bfc6 - bff6 : SSTACK, getDriveInfo@stack
bfc8 - bfea : SSTACK, printTrackNumbers@stack
bfc8 - bfea : SSTACK, printSectorNumbers@stack
bff6 - bff6 : SSTACK, printLegend@stack
bff6 - bff6 : SSTACK, resetCiaTimer@stack
bff6 - bff6 : SSTACK, krnio_setbnk@stack
bff6 - bff6 : SSTACK, openCommandCannels@stack
bff6 - bff6 : SSTACK, krnio_write@stack
bf9a - bfea : SSTACK, changeBusSpeed@stack
bff6 - bff6 : SSTACK, closeCommandChannels@stack
bff0 - bff6 : SSTACK, getCiaTimer@stack
bfce - bff0 : SSTACK, printTimer@stack
bff6 - bff6 : SSTACK, getchx@stack
bff6 - bff6 : SSTACK, stopCiaTimer@stack
bff6 - bff6 : SSTACK, setAccentXY@stack
bff6 - bff6 : SSTACK, openBufferChannel@stack
bff6 - bff6 : SSTACK, openReadBufferChannel@stack
bff6 - bff6 : SSTACK, waitForReadStatus@stack
bfc8 - bfea : SSTACK, loadSectorToBuffer@stack
bff6 - bff6 : SSTACK, readBufferToMem@stack
bfc8 - bfc8 : SSTACK, readSector@stack
bff6 - bff6 : SSTACK, checkBufferEmpty@stack
bff6 - bff6 : SSTACK, openWriteBufferChannel@stack
bff6 - bff6 : SSTACK, writeMemToBuffer@stack
bff6 - bff6 : SSTACK, waitForWriteStatus@stack
bfc8 - bfea : SSTACK, saveBufferToSector@stack
bfc8 - bfc8 : SSTACK, writeSector@stack
bff6 - bff6 : SSTACK, setNormalXY@stack
bf79 - bf9a : SSTACK, copyDisk@stack
bf52 - bf79 : SSTACK, main@stack

regions
00f7 - 00ff : 0000, 0000, zeropage
1c01 - 1c80 : 1c5e, 005d, startup
1c80 - b000 : 30ab, 1580, main

objects
00f7 - 00f7 : ZeroStart, START:zeropage
00f7 - 00f7 : ZeroEnd, END:zeropage
1c01 - 1c5e : startup, NATIVE_CODE:startup
1c80 - 1f3f : main, NATIVE_CODE:code
1f3f - 1f68 : fillSectorsInfo, NATIVE_CODE:code
1f68 - 1fcb : putpch, NATIVE_CODE:code
1fcb - 1ff0 : setDarkTheme, NATIVE_CODE:code
1ff0 - 2031 : setColorInfo, NATIVE_CODE:code
2031 - 2077 : putsxy, NATIVE_CODE:code
2077 - 2089 : *, DATA:code
2089 - 209b : *, DATA:code
209b - 214c : keyb_poll, NATIVE_CODE:code
214c - 21a3 : drawBox, NATIVE_CODE:code
21a3 - 21c2 : set_sstr, NATIVE_CODE:code
21c2 - 21c6 : *, DATA:code
21c6 - 21ec : append_sstr_num, NATIVE_CODE:code
21ec - 2295 : itoa, NATIVE_CODE:code
2295 - 22c2 : append_sstr, NATIVE_CODE:code
22c2 - 22c7 : *, DATA:code
22c7 - 22d3 : *, DATA:code
22d3 - 22df : getch, NATIVE_CODE:code
22df - 2311 : convch, NATIVE_CODE:code
2311 - 2315 : resetCPU, NATIVE_CODE:code
2315 - 2391 : getDriveInfo, NATIVE_CODE:code
2391 - 23a7 : krnio_setnam, NATIVE_CODE:code
23a7 - 23a8 : *, DATA:code
23a8 - 23d6 : krnio_open, NATIVE_CODE:code
23d6 - 2417 : krnio_puts, NATIVE_CODE:code
2417 - 242c : krnio_chkout, NATIVE_CODE:code
242c - 243c : krnio_chrout, NATIVE_CODE:code
243c - 2440 : krnio_clrchn, NATIVE_CODE:code
2440 - 2443 : *, DATA:code
2443 - 244b : krnio_close, NATIVE_CODE:code
244b - 24c1 : krnio_read, NATIVE_CODE:code
24c1 - 24d6 : krnio_chkin, NATIVE_CODE:code
24d6 - 24de : krnio_chrin, NATIVE_CODE:code
24de - 24ea : krnio_status, NATIVE_CODE:code
24ea - 2594 : atoi, NATIVE_CODE:code
2594 - 2596 : *, DATA:code
2596 - 25b0 : *, DATA:code
25b0 - 25cb : *, DATA:code
25cb - 25d8 : *, DATA:code
25d8 - 2671 : printTrackNumbers, NATIVE_CODE:code
2671 - 26b7 : printSectorNumbers, NATIVE_CODE:code
26b7 - 26ec : printLegend, NATIVE_CODE:code
26ec - 26f4 : *, DATA:code
26f4 - 26fc : krnio_setbnk, NATIVE_CODE:code
26fc - 26fe : *, DATA:code
26fe - 2700 : *, DATA:code
2700 - 270d : *, DATA:code
270d - 271c : *, DATA:code
271c - 2735 : *, DATA:code
2735 - 2858 : copyDisk, NATIVE_CODE:code
2858 - 288e : resetCiaTimer, NATIVE_CODE:code
288e - 28da : openCommandCannels, NATIVE_CODE:code
28da - 2b6a : changeBusSpeed, NATIVE_CODE:code
2b6a - 2bb8 : krnio_write, NATIVE_CODE:code
2bb8 - 2bc2 : closeCommandChannels, NATIVE_CODE:code
2bc2 - 2be0 : printTimer, NATIVE_CODE:code
2be0 - 2c3d : getCiaTimer, NATIVE_CODE:code
2c3d - 2c47 : getchx, NATIVE_CODE:code
2c47 - 2c58 : stopCiaTimer, NATIVE_CODE:code
2c58 - 2c81 : setAccentXY, NATIVE_CODE:code
2c81 - 2cc2 : readSector, NATIVE_CODE:code
2cc2 - 2ce7 : openBufferChannel, NATIVE_CODE:code
2ce7 - 2d57 : loadSectorToBuffer, NATIVE_CODE:code
2d57 - 2d5f : *, DATA:code
2d5f - 2d61 : *, DATA:code
2d61 - 2daa : waitForReadStatus, NATIVE_CODE:code
2daa - 2dd9 : readBufferToMem, NATIVE_CODE:code
2dd9 - 2df3 : checkBufferEmpty, NATIVE_CODE:code
2df3 - 2df5 : *, DATA:code
2df5 - 2df7 : *, DATA:code
2df7 - 2e3a : writeSector, NATIVE_CODE:code
2e3a - 2e7c : writeMemToBuffer, NATIVE_CODE:code
2e7c - 2e84 : *, DATA:code
2e84 - 2efc : saveBufferToSector, NATIVE_CODE:code
2efc - 2efe : *, DATA:code
2efe - 2eff : spentry, DATA:data
2eff - 2f00 : giocharmap, DATA:data
2f00 - 2f08 : *, DATA:code
2f08 - 2f57 : waitForWriteStatus, NATIVE_CODE:code
2f57 - 2f80 : setNormalXY, NATIVE_CODE:code
2f80 - 2f9f : *, DATA:code
2f9f - 2fbe : *, DATA:code
2fbe - 3043 : divmod, NATIVE_CODE:code
3043 - 3052 : r1, DATA:data
3052 - 3061 : r2, DATA:data
3061 - 3070 : r3, DATA:data
3070 - 307f : r4, DATA:data
307f - 308e : r5, DATA:data
308e - 309d : r6, DATA:data
309d - 309f : CIA1_TODH, DATA:data
309f - 30a1 : CIA1_TODM, DATA:data
30a1 - 30a3 : CIA1_TODS, DATA:data
30a3 - 30a5 : CIA1_TODT, DATA:data
30a5 - 30ab : *, DATA:data
30ab - 30ce : sectors, DATA:bss
30ab - 30ab : BSSStart, START:bss
30ce - 30cf : keyb_key, DATA:bss
30cf - 30d7 : keyb_matrix, DATA:bss
30d7 - 30d8 : ciaa_pra_def, DATA:bss
30d8 - 30e8 : krnio_pstatus, DATA:bss
3100 - 3200 : buffer, DATA:bss
3200 - 3200 : BSSEnd, END:bss
bf52 - bf57 : main@stack, BSS:main@stack
bf52 - bf52 : StackEnd, END:stack
bf57 - bf79 : tmpstr, BSS:main@stack
bf79 - bf9a : tmpstr, BSS:copyDisk@stack
bf9a - bfa0 : cmd2, BSS:changeBusSpeed@stack
bfa0 - bfa8 : cmd, BSS:changeBusSpeed@stack
bfa8 - bfca : tmpstr, BSS:changeBusSpeed@stack
bfc6 - bff6 : tmpbuf, BSS:getDriveInfo@stack
bfc8 - bfea : tmpstr, BSS:printTrackNumbers@stack
bfc8 - bfea : tmpstr, BSS:printSectorNumbers@stack
bfc8 - bfea : tmpstr, BSS:saveBufferToSector@stack
bfc8 - bfea : tmpstr, BSS:loadSectorToBuffer@stack
bfca - bfea : buf, BSS:changeBusSpeed@stack
bfce - bff0 : tmpstr, BSS:printTimer@stack
bfea - bff6 : num_str, BSS:append_sstr_num@stack
bff0 - bff6 : timerStr, BSS:getCiaTimer@stack
bff6 - c000 : sstack, STACK:sstack

objects by size
1c80 (02bf) : main, NATIVE_CODE:code
28da (0290) : changeBusSpeed, NATIVE_CODE:code
2735 (0123) : copyDisk, NATIVE_CODE:code
3100 (0100) : buffer, DATA:bss
209b (00b1) : keyb_poll, NATIVE_CODE:code
24ea (00aa) : atoi, NATIVE_CODE:code
21ec (00a9) : itoa, NATIVE_CODE:code
25d8 (0099) : printTrackNumbers, NATIVE_CODE:code
2fbe (0085) : divmod, NATIVE_CODE:code
2315 (007c) : getDriveInfo, NATIVE_CODE:code
2e84 (0078) : saveBufferToSector, NATIVE_CODE:code
244b (0076) : krnio_read, NATIVE_CODE:code
2ce7 (0070) : loadSectorToBuffer, NATIVE_CODE:code
1f68 (0063) : putpch, NATIVE_CODE:code
1c01 (005d) : startup, NATIVE_CODE:startup
2be0 (005d) : getCiaTimer, NATIVE_CODE:code
214c (0057) : drawBox, NATIVE_CODE:code
2f08 (004f) : waitForWriteStatus, NATIVE_CODE:code
2b6a (004e) : krnio_write, NATIVE_CODE:code
288e (004c) : openCommandCannels, NATIVE_CODE:code
2d61 (0049) : waitForReadStatus, NATIVE_CODE:code
2031 (0046) : putsxy, NATIVE_CODE:code
2671 (0046) : printSectorNumbers, NATIVE_CODE:code
2df7 (0043) : writeSector, NATIVE_CODE:code
2e3a (0042) : writeMemToBuffer, NATIVE_CODE:code
1ff0 (0041) : setColorInfo, NATIVE_CODE:code
23d6 (0041) : krnio_puts, NATIVE_CODE:code
2c81 (0041) : readSector, NATIVE_CODE:code
2858 (0036) : resetCiaTimer, NATIVE_CODE:code
26b7 (0035) : printLegend, NATIVE_CODE:code
22df (0032) : convch, NATIVE_CODE:code
bfc6 (0030) : tmpbuf, BSS:getDriveInfo@stack
2daa (002f) : readBufferToMem, NATIVE_CODE:code
23a8 (002e) : krnio_open, NATIVE_CODE:code
2295 (002d) : append_sstr, NATIVE_CODE:code
1f3f (0029) : fillSectorsInfo, NATIVE_CODE:code
2c58 (0029) : setAccentXY, NATIVE_CODE:code
2f57 (0029) : setNormalXY, NATIVE_CODE:code
21c6 (0026) : append_sstr_num, NATIVE_CODE:code
1fcb (0025) : setDarkTheme, NATIVE_CODE:code
2cc2 (0025) : openBufferChannel, NATIVE_CODE:code
30ab (0023) : sectors, DATA:bss
bf57 (0022) : tmpstr, BSS:main@stack
bfa8 (0022) : tmpstr, BSS:changeBusSpeed@stack
bfc8 (0022) : tmpstr, BSS:printTrackNumbers@stack
bfc8 (0022) : tmpstr, BSS:printSectorNumbers@stack
bfc8 (0022) : tmpstr, BSS:saveBufferToSector@stack
bfc8 (0022) : tmpstr, BSS:loadSectorToBuffer@stack
bfce (0022) : tmpstr, BSS:printTimer@stack
bf79 (0021) : tmpstr, BSS:copyDisk@stack
bfca (0020) : buf, BSS:changeBusSpeed@stack
21a3 (001f) : set_sstr, NATIVE_CODE:code
2bc2 (001e) : printTimer, NATIVE_CODE:code
2dd9 (001a) : checkBufferEmpty, NATIVE_CODE:code
2391 (0016) : krnio_setnam, NATIVE_CODE:code
2417 (0015) : krnio_chkout, NATIVE_CODE:code
24c1 (0015) : krnio_chkin, NATIVE_CODE:code
2c47 (0011) : stopCiaTimer, NATIVE_CODE:code
242c (0010) : krnio_chrout, NATIVE_CODE:code
30d8 (0010) : krnio_pstatus, DATA:bss
3043 (000f) : r1, DATA:data
3052 (000f) : r2, DATA:data
3061 (000f) : r3, DATA:data
3070 (000f) : r4, DATA:data
307f (000f) : r5, DATA:data
308e (000f) : r6, DATA:data
22d3 (000c) : getch, NATIVE_CODE:code
24de (000c) : krnio_status, NATIVE_CODE:code
bfea (000c) : num_str, BSS:append_sstr_num@stack
2bb8 (000a) : closeCommandChannels, NATIVE_CODE:code
2c3d (000a) : getchx, NATIVE_CODE:code
bff6 (000a) : sstack, STACK:sstack
2443 (0008) : krnio_close, NATIVE_CODE:code
24d6 (0008) : krnio_chrin, NATIVE_CODE:code
26f4 (0008) : krnio_setbnk, NATIVE_CODE:code
30cf (0008) : keyb_matrix, DATA:bss
bfa0 (0008) : cmd, BSS:changeBusSpeed@stack
bf9a (0006) : cmd2, BSS:changeBusSpeed@stack
bff0 (0006) : timerStr, BSS:getCiaTimer@stack
bf52 (0005) : main@stack, BSS:main@stack
2311 (0004) : resetCPU, NATIVE_CODE:code
243c (0004) : krnio_clrchn, NATIVE_CODE:code
309d (0002) : CIA1_TODH, DATA:data
309f (0002) : CIA1_TODM, DATA:data
30a1 (0002) : CIA1_TODS, DATA:data
30a3 (0002) : CIA1_TODT, DATA:data
2efe (0001) : spentry, DATA:data
2eff (0001) : giocharmap, DATA:data
30ce (0001) : keyb_key, DATA:bss
30d7 (0001) : ciaa_pra_def, DATA:bss
00f7 (0000) : ZeroStart, START:zeropage
00f7 (0000) : ZeroEnd, END:zeropage
30ab (0000) : BSSStart, START:bss
3200 (0000) : BSSEnd, END:bss
bf52 (0000) : StackEnd, END:stack
