sections
0880 - 1c39 : DATA, code
1c39 - 1ca3 : DATA, data
1ca3 - 1e00 : BSS, bss
1e00 - 9000 : HEAP, heap
9000 - 9f52 : STACK, stack
00f7 - 00f7 : ZEROPAGE, zeropage
0801 - 0853 : DATA, startup
9ff6 - a000 : SSTACK, sstack
9ff6 - 9ff6 : SSTACK, fillSectorsInfo@stack
9ff6 - 9ff6 : SSTACK, putpch@stack
9ff6 - 9ff6 : SSTACK, putchar@stack
9ff6 - 9ff6 : SSTACK, setColorInfo@stack
9ff6 - 9ff6 : SSTACK, setDarkTheme@stack
9ff6 - 9ff6 : SSTACK, putsxy@stack
9ff6 - 9ff6 : SSTACK, keyb_poll@stack
9ff6 - 9ff6 : SSTACK, drawBox@stack
9ff6 - 9ff6 : SSTACK, set_sstr@stack
9ff6 - 9ff6 : SSTACK, itoa@stack
9ff6 - 9ff6 : SSTACK, append_sstr@stack
9fea - 9ff6 : SSTACK, append_sstr_num@stack
9ff6 - 9ff6 : SSTACK, get_sstr@stack
9ff6 - 9ff6 : SSTACK, convch@stack
9ff6 - 9ff6 : SSTACK, getch@stack
9ff6 - 9ff6 : SSTACK, resetCPU@stack
9ff6 - 9ff6 : SSTACK, krnio_setnam@stack
9ff6 - 9ff6 : SSTACK, krnio_open@stack
9ff6 - 9ff6 : SSTACK, krnio_chkout@stack
9ff6 - 9ff6 : SSTACK, krnio_chrout@stack
9ff6 - 9ff6 : SSTACK, krnio_clrchn@stack
9ff6 - 9ff6 : SSTACK, krnio_puts@stack
9ff6 - 9ff6 : SSTACK, krnio_close@stack
9ff6 - 9ff6 : SSTACK, krnio_chkin@stack
9ff6 - 9ff6 : SSTACK, krnio_chrin@stack
9ff6 - 9ff6 : SSTACK, krnio_status@stack
9ff6 - 9ff6 : SSTACK, krnio_read@stack
9ff6 - 9ff6 : SSTACK, atoi@stack
9fc6 - 9ff6 : SSTACK, getDriveInfo@stack
9fc8 - 9fea : SSTACK, printTrackNumbers@stack
9fc8 - 9fea : SSTACK, printSectorNumbers@stack
9ff6 - 9ff6 : SSTACK, printLegend@stack
9ff6 - 9ff6 : SSTACK, resetCiaTimer@stack
9ff6 - 9ff6 : SSTACK, openCommandCannels@stack
9ff6 - 9ff6 : SSTACK, krnio_write@stack
9f9a - 9fea : SSTACK, changeBusSpeed@stack
9ff6 - 9ff6 : SSTACK, closeCommandChannels@stack
9ff0 - 9ff6 : SSTACK, getCiaTimer@stack
9fce - 9ff0 : SSTACK, printTimer@stack
9ff6 - 9ff6 : SSTACK, getchx@stack
9ff6 - 9ff6 : SSTACK, stopCiaTimer@stack
9ff6 - 9ff6 : SSTACK, setAccentXY@stack
9ff6 - 9ff6 : SSTACK, openBufferChannel@stack
9ff6 - 9ff6 : SSTACK, openReadBufferChannel@stack
9ff6 - 9ff6 : SSTACK, waitForReadStatus@stack
9fc8 - 9fea : SSTACK, loadSectorToBuffer@stack
9ff6 - 9ff6 : SSTACK, readBufferToMem@stack
9fc8 - 9fc8 : SSTACK, readSector@stack
9ff6 - 9ff6 : SSTACK, checkBufferEmpty@stack
9ff6 - 9ff6 : SSTACK, openWriteBufferChannel@stack
9ff6 - 9ff6 : SSTACK, writeMemToBuffer@stack
9ff6 - 9ff6 : SSTACK, waitForWriteStatus@stack
9fc8 - 9fea : SSTACK, saveBufferToSector@stack
9fc8 - 9fc8 : SSTACK, writeSector@stack
9ff6 - 9ff6 : SSTACK, setNormalXY@stack
9f79 - 9f9a : SSTACK, copyDisk@stack
9f52 - 9f79 : SSTACK, main@stack

regions
00f7 - 00ff : 0000, 0000, zeropage
0801 - 0880 : 0853, 0052, startup
0880 - 9000 : 1ca3, 1580, main

objects
00f7 - 00f7 : ZeroStart, START:zeropage
00f7 - 00f7 : ZeroEnd, END:zeropage
0801 - 0853 : startup, NATIVE_CODE:startup
0880 - 0b3f : main, NATIVE_CODE:code
0b3f - 0b68 : fillSectorsInfo, NATIVE_CODE:code
0b68 - 0bcb : putpch, NATIVE_CODE:code
0bcb - 0bf8 : setDarkTheme, NATIVE_CODE:code
0bf8 - 0c39 : setColorInfo, NATIVE_CODE:code
0c39 - 0c7f : putsxy, NATIVE_CODE:code
0c7f - 0c91 : *, DATA:code
0c91 - 0ca3 : *, DATA:code
0ca3 - 0d54 : keyb_poll, NATIVE_CODE:code
0d54 - 0dab : drawBox, NATIVE_CODE:code
0dab - 0dca : set_sstr, NATIVE_CODE:code
0dca - 0dce : *, DATA:code
0dce - 0df4 : append_sstr_num, NATIVE_CODE:code
0df4 - 0e9d : itoa, NATIVE_CODE:code
0e9d - 0eca : append_sstr, NATIVE_CODE:code
0eca - 0ecf : *, DATA:code
0ecf - 0edb : *, DATA:code
0edb - 0ee7 : getch, NATIVE_CODE:code
0ee7 - 0f19 : convch, NATIVE_CODE:code
0f19 - 0f1d : resetCPU, NATIVE_CODE:code
0f1d - 0f99 : getDriveInfo, NATIVE_CODE:code
0f99 - 0faf : krnio_setnam, NATIVE_CODE:code
0faf - 0fb0 : *, DATA:code
0fb0 - 0fde : krnio_open, NATIVE_CODE:code
0fde - 101f : krnio_puts, NATIVE_CODE:code
101f - 1034 : krnio_chkout, NATIVE_CODE:code
1034 - 1044 : krnio_chrout, NATIVE_CODE:code
1044 - 1048 : krnio_clrchn, NATIVE_CODE:code
1048 - 104b : *, DATA:code
104b - 1053 : krnio_close, NATIVE_CODE:code
1053 - 10c9 : krnio_read, NATIVE_CODE:code
10c9 - 10de : krnio_chkin, NATIVE_CODE:code
10de - 10e6 : krnio_chrin, NATIVE_CODE:code
10e6 - 10f2 : krnio_status, NATIVE_CODE:code
10f2 - 119c : atoi, NATIVE_CODE:code
119c - 119e : *, DATA:code
119e - 11b8 : *, DATA:code
11b8 - 11d3 : *, DATA:code
11d3 - 11e0 : *, DATA:code
11e0 - 1279 : printTrackNumbers, NATIVE_CODE:code
1279 - 12bf : printSectorNumbers, NATIVE_CODE:code
12bf - 12f4 : printLegend, NATIVE_CODE:code
12f4 - 12fc : *, DATA:code
12fc - 12fe : *, DATA:code
12fe - 1300 : *, DATA:code
1300 - 130d : *, DATA:code
130d - 131c : *, DATA:code
131c - 1335 : *, DATA:code
1335 - 1458 : copyDisk, NATIVE_CODE:code
1458 - 148e : resetCiaTimer, NATIVE_CODE:code
148e - 14d2 : openCommandCannels, NATIVE_CODE:code
14d2 - 1762 : changeBusSpeed, NATIVE_CODE:code
1762 - 17b0 : krnio_write, NATIVE_CODE:code
17b0 - 17ba : closeCommandChannels, NATIVE_CODE:code
17ba - 17d8 : printTimer, NATIVE_CODE:code
17d8 - 1835 : getCiaTimer, NATIVE_CODE:code
1835 - 183f : getchx, NATIVE_CODE:code
183f - 1850 : stopCiaTimer, NATIVE_CODE:code
1850 - 1879 : setAccentXY, NATIVE_CODE:code
1879 - 18ba : readSector, NATIVE_CODE:code
18ba - 18df : openBufferChannel, NATIVE_CODE:code
18df - 194f : loadSectorToBuffer, NATIVE_CODE:code
194f - 1957 : *, DATA:code
1957 - 1959 : *, DATA:code
1959 - 19a2 : waitForReadStatus, NATIVE_CODE:code
19a2 - 19d1 : readBufferToMem, NATIVE_CODE:code
19d1 - 19eb : checkBufferEmpty, NATIVE_CODE:code
19eb - 19ed : *, DATA:code
19ed - 19ef : *, DATA:code
19ef - 1a32 : writeSector, NATIVE_CODE:code
1a32 - 1a74 : writeMemToBuffer, NATIVE_CODE:code
1a74 - 1a7c : *, DATA:code
1a7c - 1af4 : saveBufferToSector, NATIVE_CODE:code
1af4 - 1afc : *, DATA:code
1afc - 1b4b : waitForWriteStatus, NATIVE_CODE:code
1b4b - 1b4d : *, DATA:code
1b4d - 1b76 : setNormalXY, NATIVE_CODE:code
1b76 - 1b95 : *, DATA:code
1b95 - 1bb4 : *, DATA:code
1bb4 - 1c39 : divmod, NATIVE_CODE:code
1c39 - 1c3a : spentry, DATA:data
1c3a - 1c3b : giocharmap, DATA:data
1c3b - 1c4a : r1, DATA:data
1c4a - 1c59 : r2, DATA:data
1c59 - 1c68 : r3, DATA:data
1c68 - 1c77 : r4, DATA:data
1c77 - 1c86 : r5, DATA:data
1c86 - 1c95 : r6, DATA:data
1c95 - 1c97 : CIA1_TODH, DATA:data
1c97 - 1c99 : CIA1_TODM, DATA:data
1c99 - 1c9b : CIA1_TODS, DATA:data
1c9b - 1c9d : CIA1_TODT, DATA:data
1c9d - 1ca3 : *, DATA:data
1ca3 - 1ca3 : BSSStart, START:bss
1ca3 - 1cc6 : sectors, DATA:bss
1cc6 - 1cc7 : keyb_key, DATA:bss
1cc7 - 1ccf : keyb_matrix, DATA:bss
1ccf - 1cd0 : ciaa_pra_def, DATA:bss
1cd0 - 1ce0 : krnio_pstatus, DATA:bss
1d00 - 1e00 : buffer, DATA:bss
1e00 - 1e00 : BSSEnd, END:bss
9f52 - 9f57 : main@stack, BSS:main@stack
9f52 - 9f52 : StackEnd, END:stack
9f57 - 9f79 : tmpstr, BSS:main@stack
9f79 - 9f9a : tmpstr, BSS:copyDisk@stack
9f9a - 9fa0 : cmd2, BSS:changeBusSpeed@stack
9fa0 - 9fa8 : cmd, BSS:changeBusSpeed@stack
9fa8 - 9fca : tmpstr, BSS:changeBusSpeed@stack
9fc6 - 9ff6 : tmpbuf, BSS:getDriveInfo@stack
9fc8 - 9fea : tmpstr, BSS:printSectorNumbers@stack
9fc8 - 9fea : tmpstr, BSS:saveBufferToSector@stack
9fc8 - 9fea : tmpstr, BSS:printTrackNumbers@stack
9fc8 - 9fea : tmpstr, BSS:loadSectorToBuffer@stack
9fca - 9fea : buf, BSS:changeBusSpeed@stack
9fce - 9ff0 : tmpstr, BSS:printTimer@stack
9fea - 9ff6 : num_str, BSS:append_sstr_num@stack
9ff0 - 9ff6 : timerStr, BSS:getCiaTimer@stack
9ff6 - a000 : sstack, STACK:sstack

objects by size
0880 (02bf) : main, NATIVE_CODE:code
14d2 (0290) : changeBusSpeed, NATIVE_CODE:code
1335 (0123) : copyDisk, NATIVE_CODE:code
1d00 (0100) : buffer, DATA:bss
0ca3 (00b1) : keyb_poll, NATIVE_CODE:code
10f2 (00aa) : atoi, NATIVE_CODE:code
0df4 (00a9) : itoa, NATIVE_CODE:code
11e0 (0099) : printTrackNumbers, NATIVE_CODE:code
1bb4 (0085) : divmod, NATIVE_CODE:code
0f1d (007c) : getDriveInfo, NATIVE_CODE:code
1a7c (0078) : saveBufferToSector, NATIVE_CODE:code
1053 (0076) : krnio_read, NATIVE_CODE:code
18df (0070) : loadSectorToBuffer, NATIVE_CODE:code
0b68 (0063) : putpch, NATIVE_CODE:code
17d8 (005d) : getCiaTimer, NATIVE_CODE:code
0d54 (0057) : drawBox, NATIVE_CODE:code
0801 (0052) : startup, NATIVE_CODE:startup
1afc (004f) : waitForWriteStatus, NATIVE_CODE:code
1762 (004e) : krnio_write, NATIVE_CODE:code
1959 (0049) : waitForReadStatus, NATIVE_CODE:code
0c39 (0046) : putsxy, NATIVE_CODE:code
1279 (0046) : printSectorNumbers, NATIVE_CODE:code
148e (0044) : openCommandCannels, NATIVE_CODE:code
19ef (0043) : writeSector, NATIVE_CODE:code
1a32 (0042) : writeMemToBuffer, NATIVE_CODE:code
0bf8 (0041) : setColorInfo, NATIVE_CODE:code
0fde (0041) : krnio_puts, NATIVE_CODE:code
1879 (0041) : readSector, NATIVE_CODE:code
1458 (0036) : resetCiaTimer, NATIVE_CODE:code
12bf (0035) : printLegend, NATIVE_CODE:code
0ee7 (0032) : convch, NATIVE_CODE:code
9fc6 (0030) : tmpbuf, BSS:getDriveInfo@stack
19a2 (002f) : readBufferToMem, NATIVE_CODE:code
0fb0 (002e) : krnio_open, NATIVE_CODE:code
0bcb (002d) : setDarkTheme, NATIVE_CODE:code
0e9d (002d) : append_sstr, NATIVE_CODE:code
0b3f (0029) : fillSectorsInfo, NATIVE_CODE:code
1850 (0029) : setAccentXY, NATIVE_CODE:code
1b4d (0029) : setNormalXY, NATIVE_CODE:code
0dce (0026) : append_sstr_num, NATIVE_CODE:code
18ba (0025) : openBufferChannel, NATIVE_CODE:code
1ca3 (0023) : sectors, DATA:bss
9f57 (0022) : tmpstr, BSS:main@stack
9fa8 (0022) : tmpstr, BSS:changeBusSpeed@stack
9fc8 (0022) : tmpstr, BSS:printSectorNumbers@stack
9fc8 (0022) : tmpstr, BSS:saveBufferToSector@stack
9fc8 (0022) : tmpstr, BSS:printTrackNumbers@stack
9fc8 (0022) : tmpstr, BSS:loadSectorToBuffer@stack
9fce (0022) : tmpstr, BSS:printTimer@stack
9f79 (0021) : tmpstr, BSS:copyDisk@stack
9fca (0020) : buf, BSS:changeBusSpeed@stack
0dab (001f) : set_sstr, NATIVE_CODE:code
17ba (001e) : printTimer, NATIVE_CODE:code
19d1 (001a) : checkBufferEmpty, NATIVE_CODE:code
0f99 (0016) : krnio_setnam, NATIVE_CODE:code
101f (0015) : krnio_chkout, NATIVE_CODE:code
10c9 (0015) : krnio_chkin, NATIVE_CODE:code
183f (0011) : stopCiaTimer, NATIVE_CODE:code
1034 (0010) : krnio_chrout, NATIVE_CODE:code
1cd0 (0010) : krnio_pstatus, DATA:bss
1c3b (000f) : r1, DATA:data
1c4a (000f) : r2, DATA:data
1c59 (000f) : r3, DATA:data
1c68 (000f) : r4, DATA:data
1c77 (000f) : r5, DATA:data
1c86 (000f) : r6, DATA:data
0edb (000c) : getch, NATIVE_CODE:code
10e6 (000c) : krnio_status, NATIVE_CODE:code
9fea (000c) : num_str, BSS:append_sstr_num@stack
17b0 (000a) : closeCommandChannels, NATIVE_CODE:code
1835 (000a) : getchx, NATIVE_CODE:code
9ff6 (000a) : sstack, STACK:sstack
104b (0008) : krnio_close, NATIVE_CODE:code
10de (0008) : krnio_chrin, NATIVE_CODE:code
1cc7 (0008) : keyb_matrix, DATA:bss
9fa0 (0008) : cmd, BSS:changeBusSpeed@stack
9f9a (0006) : cmd2, BSS:changeBusSpeed@stack
9ff0 (0006) : timerStr, BSS:getCiaTimer@stack
9f52 (0005) : main@stack, BSS:main@stack
0f19 (0004) : resetCPU, NATIVE_CODE:code
1044 (0004) : krnio_clrchn, NATIVE_CODE:code
1c95 (0002) : CIA1_TODH, DATA:data
1c97 (0002) : CIA1_TODM, DATA:data
1c99 (0002) : CIA1_TODS, DATA:data
1c9b (0002) : CIA1_TODT, DATA:data
1c39 (0001) : spentry, DATA:data
1c3a (0001) : giocharmap, DATA:data
1cc6 (0001) : keyb_key, DATA:bss
1ccf (0001) : ciaa_pra_def, DATA:bss
00f7 (0000) : ZeroStart, START:zeropage
00f7 (0000) : ZeroEnd, END:zeropage
1ca3 (0000) : BSSStart, START:bss
1e00 (0000) : BSSEnd, END:bss
9f52 (0000) : StackEnd, END:stack
